[2m13:42:40[22m [31m[1m[vite][22m[39m Pre-transform error: Transform failed with 1 error:
C:/Users/manag/OneDrive/Рабочий стол/КЛИЕНТЫ и база/3. Парсер сайтов/0. своё/GRUZZZZZ — копия/src/store/useAppStore.ts:154:10: ERROR: Expected identifier but found "typeof"
[2m13:42:40[22m [31m[1m[vite][22m[39m Pre-transform error: Transform failed with 1 error:
C:/Users/manag/OneDrive/Рабочий стол/КЛИЕНТЫ и база/3. Парсер сайтов/0. своё/GRUZZZZZ — копия/src/store/useAppStore.ts:154:10: ERROR: Expected identifier but found "typeof"
[2m13:42:40[22m [31m[1m[vite][22m[39m Pre-transform error: Transform failed with 1 error:
C:/Users/manag/OneDrive/Рабочий стол/КЛИЕНТЫ и база/3. Парсер сайтов/0. своё/GRUZZZZZ — копия/src/store/useAppStore.ts:154:10: ERROR: Expected identifier but found "typeof"
[2m13:42:40[22m [31m[1m[vite][22m[39m Pre-transform error: Transform failed with 1 error:
C:/Users/manag/OneDrive/Рабочий стол/КЛИЕНТЫ и база/3. Парсер сайтов/0. своё/GRUZZZZZ — копия/src/store/useAppStore.ts:154:10: ERROR: Expected identifier but found "typeof"
[2m13:42:40[22m [31m[1m[vite][22m[39m Pre-transform error: Transform failed with 1 error:
C:/Users/manag/OneDrive/Рабочий стол/КЛИЕНТЫ и база/3. Парсер сайтов/0. своё/GRUZZZZZ — копия/src/store/useAppStore.ts:154:10: ERROR: Expected identifier but found "typeof"
[2m13:42:40[22m [31m[1m[vite][22m[39m Pre-transform error: Transform failed with 1 error:
C:/Users/manag/OneDrive/Рабочий стол/КЛИЕНТЫ и база/3. Парсер сайтов/0. своё/GRUZZZZZ — копия/src/store/useAppStore.ts:154:10: ERROR: Expected identifier but found "typeof"
[2m13:42:40[22m [31m[1m[vite][22m[39m Pre-transform error: Transform failed with 1 error:
C:/Users/manag/OneDrive/Рабочий стол/КЛИЕНТЫ и база/3. Парсер сайтов/0. своё/GRUZZZZZ — копия/src/store/useAppStore.ts:154:10: ERROR: Expected identifier but found "typeof"
[2m13:42:40[22m [31m[1m[vite][22m[39m Pre-transform error: Transform failed with 1 error:
C:/Users/manag/OneDrive/Рабочий стол/КЛИЕНТЫ и база/3. Парсер сайтов/0. своё/GRUZZZZZ — копия/src/store/useAppStore.ts:154:10: ERROR: Expected identifier but found "typeof"
[2m13:42:40[22m [31m[1m[vite][22m[39m Pre-transform error: Transform failed with 1 error:
C:/Users/manag/OneDrive/Рабочий стол/КЛИЕНТЫ и база/3. Парсер сайтов/0. своё/GRUZZZZZ — копия/src/store/useAppStore.ts:154:10: ERROR: Expected identifier but found "typeof"
[2m13:42:40[22m [31m[1m[vite][22m[39m Pre-transform error: Transform failed with 1 error:
C:/Users/manag/OneDrive/Рабочий стол/КЛИЕНТЫ и база/3. Парсер сайтов/0. своё/GRUZZZZZ — копия/src/store/useAppStore.ts:154:10: ERROR: Expected identifier but found "typeof"
[2m13:42:40[22m [31m[1m[vite][22m[39m Pre-transform error: Transform failed with 1 error:
C:/Users/manag/OneDrive/Рабочий стол/КЛИЕНТЫ и база/3. Парсер сайтов/0. своё/GRUZZZZZ — копия/src/store/useAppStore.ts:154:10: ERROR: Expected identifier but found "typeof"
[2m13:42:40[22m [31m[1m[vite][22m[39m Pre-transform error: Transform failed with 1 error:
C:/Users/manag/OneDrive/Рабочий стол/КЛИЕНТЫ и база/3. Парсер сайтов/0. своё/GRUZZZZZ — копия/src/store/useAppStore.ts:154:10: ERROR: Expected identifier but found "typeof"
[2m13:42:40[22m [31m[1m[vite][22m[39m Pre-transform error: Transform failed with 1 error:
C:/Users/manag/OneDrive/Рабочий стол/КЛИЕНТЫ и база/3. Парсер сайтов/0. своё/GRUZZZZZ — копия/src/store/useAppStore.ts:154:10: ERROR: Expected identifier but found "typeof"
[2m13:42:40[22m [31m[1m[vite][22m[39m Pre-transform error: Transform failed with 1 error:
C:/Users/manag/OneDrive/Рабочий стол/КЛИЕНТЫ и база/3. Парсер сайтов/0. своё/GRUZZZZZ — копия/src/store/useAppStore.ts:154:10: ERROR: Expected identifier but found "typeof"
[2m13:42:40[22m [31m[1m[vite][22m[39m Pre-transform error: Transform failed with 1 error:
C:/Users/manag/OneDrive/Рабочий стол/КЛИЕНТЫ и база/3. Парсер сайтов/0. своё/GRUZZZZZ — копия/src/store/useAppStore.ts:154:10: ERROR: Expected identifier but found "typeof"
[2m13:42:40[22m [31m[1m[vite][22m[39m Pre-transform error: Transform failed with 1 error:
C:/Users/manag/OneDrive/Рабочий стол/КЛИЕНТЫ и база/3. Парсер сайтов/0. своё/GRUZZZZZ — копия/src/store/useAppStore.ts:154:10: ERROR: Expected identifier but found "typeof"
[2m13:42:40[22m [31m[1m[vite][22m[39m Pre-transform error: Transform failed with 1 error:
C:/Users/manag/OneDrive/Рабочий стол/КЛИЕНТЫ и база/3. Парсер сайтов/0. своё/GRUZZZZZ — копия/src/store/useAppStore.ts:154:10: ERROR: Expected identifier but found "typeof"
[2m13:42:40[22m [31m[1m[vite][22m[39m Pre-transform error: Transform failed with 1 error:
C:/Users/manag/OneDrive/Рабочий стол/КЛИЕНТЫ и база/3. Парсер сайтов/0. своё/GRUZZZZZ — копия/src/store/useAppStore.ts:154:10: ERROR: Expected identifier but found "typeof"
[2m13:42:40[22m [31m[1m[vite][22m[39m Pre-transform error: Transform failed with 1 error:
C:/Users/manag/OneDrive/Рабочий стол/КЛИЕНТЫ и база/3. Парсер сайтов/0. своё/GRUZZZZZ — копия/src/store/useAppStore.ts:154:10: ERROR: Expected identifier but found "typeof"
[2m13:42:40[22m [31m[1m[vite][22m[39m Pre-transform error: Transform failed with 1 error:
C:/Users/manag/OneDrive/Рабочий стол/КЛИЕНТЫ и база/3. Парсер сайтов/0. своё/GRUZZZZZ — копия/src/store/useAppStore.ts:154:10: ERROR: Expected identifier but found "typeof"
[2m13:42:40[22m [31m[1m[vite][22m[39m Pre-transform error: Transform failed with 1 error:
C:/Users/manag/OneDrive/Рабочий стол/КЛИЕНТЫ и база/3. Парсер сайтов/0. своё/GRUZZZZZ — копия/src/store/useAppStore.ts:154:10: ERROR: Expected identifier but found "typeof"
[2m13:42:40[22m [31m[1m[vite][22m[39m Pre-transform error: Transform failed with 1 error:
C:/Users/manag/OneDrive/Рабочий стол/КЛИЕНТЫ и база/3. Парсер сайтов/0. своё/GRUZZZZZ — копия/src/store/useAppStore.ts:154:10: ERROR: Expected identifier but found "typeof"
[2m13:42:40[22m [31m[1m[vite][22m[39m Pre-transform error: Transform failed with 1 error:
C:/Users/manag/OneDrive/Рабочий стол/КЛИЕНТЫ и база/3. Парсер сайтов/0. своё/GRUZZZZZ — копия/src/store/useAppStore.ts:154:10: ERROR: Expected identifier but found "typeof"
[2m13:42:40[22m [31m[1m[vite][22m[39m Pre-transform error: Transform failed with 1 error:
C:/Users/manag/OneDrive/Рабочий стол/КЛИЕНТЫ и база/3. Парсер сайтов/0. своё/GRUZZZZZ — копия/src/store/useAppStore.ts:154:10: ERROR: Expected identifier but found "typeof"
[2m13:42:40[22m [31m[1m[vite][22m[39m [31mInternal server error: Transform failed with 1 error:
C:/Users/manag/OneDrive/Рабочий стол/КЛИЕНТЫ и база/3. Парсер сайтов/0. своё/GRUZZZZZ — копия/src/store/useAppStore.ts:154:10: ERROR: Expected identifier but found "typeof"[39m
  Plugin: [35mvite:esbuild[39m
  File: [36mC:/Users/manag/OneDrive/Рабочий стол/КЛИЕНТЫ и база/3. Парсер сайтов/0. своё/GRUZZZZZ — копия/src/store/useAppStore.ts[39m:154:10
[33m  
  [33mExpected identifier but found "typeof"[33m
  152|      (set, get) => ({
  153|        // @ts-ignore — expose for debugging
  154|        if (typeof window !== 'undefined') (window as any).__getStore = () => get();
     |            ^
  155|        // --- Тема ---
  156|        theme: loadFromStorage<Theme>(KEYS.theme, 'light'),
  [39m
      at failureErrorWithLog (C:\Users\manag\OneDrive\Рабочий стол\КЛИЕНТЫ и база\3. Парсер сайтов\0. своё\GRUZZZZZ — копия\node_modules\esbuild\lib\main.js:1472:15)
      at C:\Users\manag\OneDrive\Рабочий стол\КЛИЕНТЫ и база\3. Парсер сайтов\0. своё\GRUZZZZZ — копия\node_modules\esbuild\lib\main.js:755:50
      at responseCallbacks.<computed> (C:\Users\manag\OneDrive\Рабочий стол\КЛИЕНТЫ и база\3. Парсер сайтов\0. своё\GRUZZZZZ — копия\node_modules\esbuild\lib\main.js:622:9)
      at handleIncomingPacket (C:\Users\manag\OneDrive\Рабочий стол\КЛИЕНТЫ и база\3. Парсер сайтов\0. своё\GRUZZZZZ — копия\node_modules\esbuild\lib\main.js:677:12)
      at Socket.readFromStdout (C:\Users\manag\OneDrive\Рабочий стол\КЛИЕНТЫ и база\3. Парсер сайтов\0. своё\GRUZZZZZ — копия\node_modules\esbuild\lib\main.js:600:7)
      at Socket.emit (node:events:509:28)
      at addChunk (node:internal/streams/readable:563:12)
      at readableAddChunkPushByteMode (node:internal/streams/readable:514:3)
      at Readable.push (node:internal/streams/readable:394:5)
      at Pipe.onStreamRead (node:internal/stream_base_commons:189:23)
